10:13:33Z SEEDS58 START torch_devices=1
10:13:34Z ARM shipped58 start
10:21:32Z ARM shipped58 rc=0 rows=32
10:21:32Z ARM ft58 start
10:30:08Z ARM ft58 rc=0 rows=32
10:30:08Z ARM ctlrtn58 start
10:37:52Z ARM ctlrtn58 rc=0 rows=32
10:37:52Z SUMMARY (baseline = shipped head, seeds 5-8)
baseline file /work/logs/serve-shipped58.txt
shipped58: rows 32, mean tok/step 3.925, pooled tok/step 3.716, decode tok/s 157.2, output tokens 29981
   per-position acceptance (accepted at pos k / drafts): p0=0.764 p1=0.573 p2=0.431 p3=0.327 p4=0.257 p5=0.202 p6=0.163

arm file /work/logs/serve-ft58.txt
ft58: rows 32, mean tok/step 3.831, pooled tok/step 3.662, decode tok/s 133.3, output tokens 30371
   per-position acceptance (accepted at pos k / drafts): p0=0.751 p1=0.567 p2=0.424 p3=0.324 p4=0.248 p5=0.195 p6=0.152
   paired vs shipped58 on 32 rows: mean tok/step diff -0.093 (sd 0.608, se 0.107); rows better 12, worse 19, equal 1
   per-position diff (arm - baseline): p0=-0.012 p1=-0.005 p2=-0.006 p3=-0.003 p4=-0.009 p5=-0.007 p6=-0.011

arm file /work/logs/serve-ctlrtn58.txt
ctlrtn58: rows 32, mean tok/step 4.019, pooled tok/step 3.834, decode tok/s 162.1, output tokens 29349
   per-position acceptance (accepted at pos k / drafts): p0=0.769 p1=0.588 p2=0.453 p3=0.351 p4=0.276 p5=0.220 p6=0.177
   paired vs shipped58 on 32 rows: mean tok/step diff +0.094 (sd 0.418, se 0.074); rows better 18, worse 14, equal 0
   per-position diff (arm - baseline): p0=+0.006 p1=+0.015 p2=+0.023 p3=+0.024 p4=+0.019 p5=+0.018 p6=+0.014
10:37:52Z SEEDS58 DONE
