export dir files: ['config.json', 'model.safetensors']
tensors: export 81, ref_bf16 81, shipped 153 (shipped counts packed triples)
vs shipped (dequantized names): missing 0, extra 0
names/shapes vs ref_bf16: MATCH
config.json differences vs ref (2):
    draft_vocab_size: export=248320  ref="<absent>"
    rope_theta: export=10000000  ref="<absent>"
config.json: exporter's saved as config.specforge.json; ref_bf16 config installed as config.json (2 substantive difference(s) listed above)
weight deltas export - ref_bf16 (mean|d|, max|d|, max|export|) per family:
    candidate_selector.hidden_projection.weight                  mean 1.829e-03  max 1.300e-02  max|w| 1.040e-01
    candidate_selector.predecessor_codebook                      mean 1.607e-04  max 3.125e-02  max|w| 9.062e+00
    candidate_selector.successor_codebook                        mean 4.705e-04  max 2.832e-02  max|w| 5.078e-01
    fc.weight                                                    mean 2.260e-03  max 1.758e-02  max|w| 2.088e+01
    hidden_norm.weight                                           mean 2.037e-03  max 1.172e-02  max|w| 1.242e+00
    layers.N.attention_conv.base_kernel                          mean 1.702e-03  max 1.562e-02  max|w| 1.406e+00
    layers.N.attention_conv.kernel_projection.weight             mean 2.060e-03  max 1.577e-02  max|w| 2.031e+00
    layers.N.input_layernorm.weight                              mean 1.863e-03  max 1.562e-02  max|w| 2.422e+00
    layers.N.mlp.down_proj.weight                                mean 2.213e-03  max 1.782e-02  max|w| 9.188e+00
    layers.N.mlp.gate_proj.weight                                mean 2.302e-03  max 1.758e-02  max|w| 1.602e+00
    layers.N.mlp.up_proj.weight                                  mean 2.245e-03  max 1.807e-02  max|w| 2.453e+00
    layers.N.mlp_conv.base_kernel                                mean 1.669e-03  max 1.172e-02  max|w| 1.555e+00
    layers.N.mlp_conv.kernel_projection.weight                   mean 2.318e-03  max 1.685e-02  max|w| 3.266e+00
    layers.N.post_attention_layernorm.weight                     mean 2.089e-03  max 1.172e-02  max|w| 1.109e+00
    layers.N.self_attn.k_norm.weight                             mean 1.888e-03  max 1.562e-02  max|w| 2.797e+00
    layers.N.self_attn.k_proj.weight                             mean 2.386e-03  max 1.855e-02  max|w| 2.000e+00
    layers.N.self_attn.o_proj.weight                             mean 2.157e-03  max 1.758e-02  max|w| 6.594e+00
    layers.N.self_attn.q_norm.weight                             mean 1.930e-03  max 1.562e-02  max|w| 2.406e+00
    layers.N.self_attn.q_proj.weight                             mean 2.353e-03  max 2.026e-02  max|w| 2.844e+00
    layers.N.self_attn.v_proj.weight                             mean 2.141e-03  max 1.562e-02  max|w| 1.188e+00
    norm.weight                                                  mean 3.292e-05  max 1.562e-02  max|w| 5.250e+00
overall mean |delta| 2.124e-03; tensors with any non-zero value: 81/81
VERIFY PASS
