RESTART 05:26:36Z: std1 and c0cc0 collided on card 0 (both waiters cleared in the same window after w6); both killed; relaunched as one chain, block arms first, then the card-0 cheapctx cells
BLOCK std1 exit=0 SPEC_CFG_LINE 219:  SPEC_CFG="{\"method\":\"dflash\",\"model\":\"$DRAFT\",\"num_speculative_tokens\":$DRAFT_TOKENS,\"draft_sample_method\":\"probabilistic\"}" RESOLVED draft_logits=True  drafting 7 tokens per step 
BLOCK std1 rows=32
BLOCK blk1 exit=0 SPEC_CFG_LINE 219:  SPEC_CFG="{\"method\":\"dflash\",\"model\":\"$DRAFT\",\"num_speculative_tokens\":$DRAFT_TOKENS,\"draft_sample_method\":\"probabilistic\",\"rejection_sample_method\":\"block\"}" RESOLVED draft_logits=True  drafting 7 tokens per step 
BLOCK blk1 rows=32
BLOCK blk2 exit=0 SPEC_CFG_LINE 219:  SPEC_CFG="{\"method\":\"dflash\",\"model\":\"$DRAFT\",\"num_speculative_tokens\":$DRAFT_TOKENS,\"draft_sample_method\":\"probabilistic\",\"rejection_sample_method\":\"block\"}" RESOLVED draft_logits=True  drafting 7 tokens per step 
BLOCK blk2 rows=32
BLOCK std2 exit=0 SPEC_CFG_LINE 219:  SPEC_CFG="{\"method\":\"dflash\",\"model\":\"$DRAFT\",\"num_speculative_tokens\":$DRAFT_TOKENS,\"draft_sample_method\":\"probabilistic\"}" RESOLVED draft_logits=True  drafting 7 tokens per step 
BLOCK std2 rows=32
BLOCK ARMS DONE 06:11:03Z
bash: results/raw/v028/.bf16_arms.sh: No such file or directory
BLOCK std1b exit=0 SPEC_CFG_LINE 219:  SPEC_CFG="{\"method\":\"dflash\",\"model\":\"$DRAFT\",\"num_speculative_tokens\":$DRAFT_TOKENS,\"draft_sample_method\":\"probabilistic\"}" RESOLVED draft_logits=True  drafting 7 tokens per step 
BLOCK std1b rows=32
BLOCK REDO DONE 06:44:23Z
BLOCK std7 exit=0 SPEC_CFG_LINE 219:  SPEC_CFG="{\"method\":\"dflash\",\"model\":\"$DRAFT\",\"num_speculative_tokens\":$DRAFT_TOKENS,\"draft_sample_method\":\"probabilistic\"}" RESOLVED draft_logits=True   
BLOCK std7 rows=32
BLOCK blk7 exit=0 SPEC_CFG_LINE 219:  SPEC_CFG="{\"method\":\"dflash\",\"model\":\"$DRAFT\",\"num_speculative_tokens\":$DRAFT_TOKENS,\"draft_sample_method\":\"probabilistic\",\"rejection_sample_method\":\"block\"}" RESOLVED draft_logits=True   
BLOCK blk7 rows=32
BLOCK7 DONE 07:33:36Z
BLOCK-TRAJ t7b exit=0 SPEC_CFG_LINE 219:  SPEC_CFG="{\"method\":\"dflash\",\"model\":\"$DRAFT\",\"num_speculative_tokens\":$DRAFT_TOKENS,\"draft_sample_method\":\"probabilistic\"}" RESOLVED default-config boot num_speculative_tokens': 7 draft_logits=True   
BLOCK-TRAJ t7b rows=32
BLOCK-TRAJ t7c exit=0 SPEC_CFG_LINE 219:  SPEC_CFG="{\"method\":\"dflash\",\"model\":\"$DRAFT\",\"num_speculative_tokens\":$DRAFT_TOKENS,\"draft_sample_method\":\"probabilistic\"}" RESOLVED default-config boot num_speculative_tokens': 7 draft_logits=True   
BLOCK-TRAJ t7c rows=32
BLOCK-TRAJ t7d exit=0 SPEC_CFG_LINE 219:  SPEC_CFG="{\"method\":\"dflash\",\"model\":\"$DRAFT\",\"num_speculative_tokens\":$DRAFT_TOKENS,\"draft_sample_method\":\"probabilistic\"}" RESOLVED default-config boot num_speculative_tokens': 7 draft_logits=True   
BLOCK-TRAJ t7d rows=32
BLOCK-TRAJ DONE 08:09:49Z
BLOCK-R7 r7a exit=0 SPEC_CFG_LINE 219:  SPEC_CFG="{\"method\":\"dflash\",\"model\":\"$DRAFT\",\"num_speculative_tokens\":$DRAFT_TOKENS,\"draft_sample_method\":\"probabilistic\"}" RESOLVED default-config boot num_speculative_tokens': 7 draft_logits=True   
BLOCK-R7 r7a rows=32
BLOCK-R7 r7b exit=0 SPEC_CFG_LINE 219:  SPEC_CFG="{\"method\":\"dflash\",\"model\":\"$DRAFT\",\"num_speculative_tokens\":$DRAFT_TOKENS,\"draft_sample_method\":\"probabilistic\"}" RESOLVED default-config boot num_speculative_tokens': 7 draft_logits=True   
BLOCK-R7 r7b rows=32
BLOCK-R7 r7c exit=0 SPEC_CFG_LINE 219:  SPEC_CFG="{\"method\":\"dflash\",\"model\":\"$DRAFT\",\"num_speculative_tokens\":$DRAFT_TOKENS,\"draft_sample_method\":\"probabilistic\"}" RESOLVED default-config boot num_speculative_tokens': 7 draft_logits=True   
BLOCK-R7 r7c rows=32
BLOCK-R7 r7d exit=0 SPEC_CFG_LINE 219:  SPEC_CFG="{\"method\":\"dflash\",\"model\":\"$DRAFT\",\"num_speculative_tokens\":$DRAFT_TOKENS,\"draft_sample_method\":\"probabilistic\"}" RESOLVED default-config boot num_speculative_tokens': 7 draft_logits=True   
BLOCK-R7 r7d rows=32
BLOCK-R7 DONE 09:30:22Z
BLOCK-CGN cgn7a exit=0 SPEC_CFG_LINE 219:  SPEC_CFG="{\"method\":\"dflash\",\"model\":\"$DRAFT\",\"num_speculative_tokens\":$DRAFT_TOKENS,\"draft_sample_method\":\"probabilistic\"}" RESOLVED CUDAGRAPH_MODE=NONE cudagraph_mode': <CUDAGraphMode.NONE: 0>, 'c num_speculative_tokens': 7 draft_logits=True   
BLOCK-CGN cgn7a rows=32
BLOCK-CGN cgn7b exit=0 SPEC_CFG_LINE 219:  SPEC_CFG="{\"method\":\"dflash\",\"model\":\"$DRAFT\",\"num_speculative_tokens\":$DRAFT_TOKENS,\"draft_sample_method\":\"probabilistic\"}" RESOLVED CUDAGRAPH_MODE=NONE cudagraph_mode': <CUDAGraphMode.NONE: 0>, 'c num_speculative_tokens': 7 draft_logits=True   
BLOCK-CGN cgn7b rows=32
BLOCK-CGN DONE 09:49:14Z
BLOCK-COLD cold7a exit=0 SPEC_CFG_LINE 219:  SPEC_CFG="{\"method\":\"dflash\",\"model\":\"$DRAFT\",\"num_speculative_tokens\":$DRAFT_TOKENS,\"draft_sample_method\":\"probabilistic\"}" RESOLVED DISABLE_COMPILE_CACHE=1 compiled=3 aot_loaded=0 num_speculative_tokens': 7 draft_logits=True   
BLOCK-COLD cold7a rows=32
BLOCK-COLD cold7b exit=0 SPEC_CFG_LINE 219:  SPEC_CFG="{\"method\":\"dflash\",\"model\":\"$DRAFT\",\"num_speculative_tokens\":$DRAFT_TOKENS,\"draft_sample_method\":\"probabilistic\"}" RESOLVED DISABLE_COMPILE_CACHE=1 compiled=3 aot_loaded=0 num_speculative_tokens': 7 draft_logits=True   
BLOCK-COLD cold7b rows=32
BLOCK-COLD DONE 10:34:48Z
