SWEEP coh-ship exit=0
SWEEP coh-ship draft_logits=False
SWEEP coh-ship COHORT prompts=8 chars=[236, 180, 190, 602, 285, 235, 194, 1211]
SWEEP coh-ship ROW seed=1 prompt=0 drafts=306 dtok=2142 acc=719 round=7.000 accfrac=33.57% tok_per_step=3.350 out=1024 distinct=0.537 gzip=0.466
SWEEP coh-ship ROW seed=1 prompt=1 drafts=388 dtok=2716 acc=635 round=7.000 accfrac=23.38% tok_per_step=2.637 out=1024 distinct=0.550 gzip=0.488
SWEEP coh-ship ROW seed=1 prompt=2 drafts=634 dtok=4438 acc=389 round=7.000 accfrac=8.77% tok_per_step=1.614 out=1024 distinct=0.677 gzip=0.539
SWEEP coh-ship ROW seed=1 prompt=3 drafts=280 dtok=1992 acc=749 round=7.114 accfrac=37.60% tok_per_step=3.675 out=1024 distinct=0.546 gzip=0.458
SWEEP coh-ship ROW seed=1 prompt=4 drafts=249 dtok=1759 acc=789 round=7.064 accfrac=44.86% tok_per_step=4.169 out=1024 distinct=0.422 gzip=0.438
SWEEP coh-ship ROW seed=1 prompt=5 drafts=236 dtok=1756 acc=789 round=7.441 accfrac=44.93% tok_per_step=4.343 out=1024 distinct=0.599 gzip=0.391
SWEEP coh-ship ROW seed=1 prompt=6 drafts=332 dtok=2324 acc=696 round=7.000 accfrac=29.95% tok_per_step=3.096 out=1024 distinct=0.627 gzip=0.485
SWEEP coh-ship ROW seed=1 prompt=7 drafts=224 dtok=1600 acc=547 round=7.143 accfrac=34.19% tok_per_step=3.442 out=772 distinct=0.421 gzip=0.369
SWEEP coh-ship ROW seed=2 prompt=0 drafts=290 dtok=2062 acc=733 round=7.110 accfrac=35.55% tok_per_step=3.528 out=1024 distinct=0.613 gzip=0.472
SWEEP coh-ship ROW seed=2 prompt=1 drafts=318 dtok=2226 acc=706 round=7.000 accfrac=31.72% tok_per_step=3.220 out=1024 distinct=0.559 gzip=0.460
SWEEP coh-ship ROW seed=2 prompt=2 drafts=544 dtok=3808 acc=479 round=7.000 accfrac=12.58% tok_per_step=1.881 out=1024 distinct=0.577 gzip=0.517
SWEEP coh-ship ROW seed=2 prompt=3 drafts=16 dtok=112 acc=22 round=7.000 accfrac=19.64% tok_per_step=2.375 out=39 distinct=0.960 gzip=0.910
SWEEP coh-ship ROW seed=2 prompt=4 drafts=196 dtok=1588 acc=829 round=8.102 accfrac=52.20% tok_per_step=5.230 out=1024 distinct=0.333 gzip=0.326
SWEEP coh-ship ROW seed=2 prompt=5 drafts=208 dtok=1592 acc=815 round=7.654 accfrac=51.19% tok_per_step=4.918 out=1024 distinct=0.448 gzip=0.354
SWEEP coh-ship ROW seed=2 prompt=6 drafts=396 dtok=2772 acc=630 round=7.000 accfrac=22.73% tok_per_step=2.591 out=1024 distinct=0.623 gzip=0.491
SWEEP coh-ship ROW seed=2 prompt=7 drafts=212 dtok=1484 acc=602 round=7.000 accfrac=40.57% tok_per_step=3.840 out=815 distinct=0.477 gzip=0.377
SWEEP coh-ship ROW seed=3 prompt=0 drafts=252 dtok=1828 acc=774 round=7.254 accfrac=42.34% tok_per_step=4.071 out=1024 distinct=0.543 gzip=0.417
SWEEP coh-ship ROW seed=3 prompt=1 drafts=421 dtok=2947 acc=605 round=7.000 accfrac=20.53% tok_per_step=2.437 out=1024 distinct=0.600 gzip=0.499
SWEEP coh-ship ROW seed=3 prompt=2 drafts=602 dtok=4214 acc=425 round=7.000 accfrac=10.09% tok_per_step=1.706 out=1024 distinct=0.604 gzip=0.489
SWEEP coh-ship ROW seed=3 prompt=3 drafts=227 dtok=1589 acc=640 round=7.000 accfrac=40.28% tok_per_step=3.819 out=868 distinct=0.631 gzip=0.466
SWEEP coh-ship ROW seed=3 prompt=4 drafts=229 dtok=1603 acc=798 round=7.000 accfrac=49.78% tok_per_step=4.485 out=1024 distinct=0.491 gzip=0.456
SWEEP coh-ship ROW seed=3 prompt=5 drafts=194 dtok=1670 acc=830 round=8.608 accfrac=49.70% tok_per_step=5.278 out=1024 distinct=0.419 gzip=0.253
SWEEP coh-ship ROW seed=3 prompt=6 drafts=356 dtok=2492 acc=671 round=7.000 accfrac=26.93% tok_per_step=2.885 out=1024 distinct=0.601 gzip=0.463
SWEEP coh-ship ROW seed=3 prompt=7 drafts=184 dtok=1384 acc=471 round=7.522 accfrac=34.03% tok_per_step=3.560 out=656 distinct=0.510 gzip=0.431
SWEEP coh-ship ROW seed=4 prompt=0 drafts=324 dtok=2268 acc=702 round=7.000 accfrac=30.95% tok_per_step=3.167 out=1024 distinct=0.634 gzip=0.485
SWEEP coh-ship ROW seed=4 prompt=1 drafts=423 dtok=2961 acc=603 round=7.000 accfrac=20.36% tok_per_step=2.426 out=1024 distinct=0.605 gzip=0.516
SWEEP coh-ship ROW seed=4 prompt=2 drafts=581 dtok=4067 acc=442 round=7.000 accfrac=10.87% tok_per_step=1.761 out=1024 distinct=0.655 gzip=0.530
SWEEP coh-ship ROW seed=4 prompt=3 drafts=238 dtok=1770 acc=787 round=7.437 accfrac=44.46% tok_per_step=4.307 out=1024 distinct=0.417 gzip=0.370
SWEEP coh-ship ROW seed=4 prompt=4 drafts=220 dtok=1540 acc=807 round=7.000 accfrac=52.40% tok_per_step=4.668 out=1024 distinct=0.570 gzip=0.464
SWEEP coh-ship ROW seed=4 prompt=5 drafts=218 dtok=1718 acc=809 round=7.881 accfrac=47.09% tok_per_step=4.711 out=1024 distinct=0.373 gzip=0.253
SWEEP coh-ship ROW seed=4 prompt=6 drafts=353 dtok=2511 acc=670 round=7.113 accfrac=26.68% tok_per_step=2.898 out=1024 distinct=0.601 gzip=0.461
SWEEP coh-ship ROW seed=4 prompt=7 drafts=195 dtok=1453 acc=586 round=7.451 accfrac=40.33% tok_per_step=4.005 out=782 distinct=0.491 gzip=0.404
SWEEP coh-flag exit=0
SWEEP coh-flag draft_logits=True
SWEEP coh-flag COHORT prompts=8 chars=[236, 180, 190, 602, 285, 235, 194, 1211]
SWEEP coh-flag ROW seed=1 prompt=0 drafts=273 dtok=1959 acc=752 round=7.176 accfrac=38.39% tok_per_step=3.755 out=1024 distinct=0.514 gzip=0.447
SWEEP coh-flag ROW seed=1 prompt=1 drafts=373 dtok=2611 acc=652 round=7.000 accfrac=24.97% tok_per_step=2.748 out=1024 distinct=0.574 gzip=0.505
SWEEP coh-flag ROW seed=1 prompt=2 drafts=596 dtok=4172 acc=430 round=7.000 accfrac=10.31% tok_per_step=1.721 out=1024 distinct=0.632 gzip=0.538
SWEEP coh-flag ROW seed=1 prompt=3 drafts=265 dtok=1999 acc=758 round=7.543 accfrac=37.92% tok_per_step=3.860 out=1024 distinct=0.570 gzip=0.436
SWEEP coh-flag ROW seed=1 prompt=4 drafts=249 dtok=1823 acc=774 round=7.321 accfrac=42.46% tok_per_step=4.108 out=1024 distinct=0.529 gzip=0.482
SWEEP coh-flag ROW seed=1 prompt=5 drafts=212 dtok=1580 acc=818 round=7.453 accfrac=51.77% tok_per_step=4.858 out=1024 distinct=0.564 gzip=0.355
SWEEP coh-flag ROW seed=1 prompt=6 drafts=304 dtok=2168 acc=719 round=7.132 accfrac=33.16% tok_per_step=3.365 out=1024 distinct=0.620 gzip=0.477
SWEEP coh-flag ROW seed=1 prompt=7 drafts=173 dtok=1267 acc=503 round=7.324 accfrac=39.70% tok_per_step=3.908 out=677 distinct=0.445 gzip=0.375
SWEEP coh-flag ROW seed=2 prompt=0 drafts=245 dtok=1715 acc=778 round=7.000 accfrac=45.36% tok_per_step=4.176 out=1024 distinct=0.570 gzip=0.409
SWEEP coh-flag ROW seed=2 prompt=1 drafts=296 dtok=2072 acc=728 round=7.000 accfrac=35.14% tok_per_step=3.459 out=1024 distinct=0.534 gzip=0.440
SWEEP coh-flag ROW seed=2 prompt=2 drafts=328 dtok=2296 acc=696 round=7.000 accfrac=30.31% tok_per_step=3.122 out=1024 distinct=0.404 gzip=0.420
SWEEP coh-flag ROW seed=2 prompt=3 drafts=230 dtok=1674 acc=793 round=7.278 accfrac=47.37% tok_per_step=4.448 out=1024 distinct=0.502 gzip=0.392
SWEEP coh-flag ROW seed=2 prompt=4 drafts=252 dtok=1764 acc=771 round=7.000 accfrac=43.71% tok_per_step=4.060 out=1024 distinct=0.532 gzip=0.520
SWEEP coh-flag ROW seed=2 prompt=5 drafts=190 dtok=1362 acc=833 round=7.168 accfrac=61.16% tok_per_step=5.384 out=1024 distinct=0.474 gzip=0.357
SWEEP coh-flag ROW seed=2 prompt=6 drafts=302 dtok=2114 acc=721 round=7.000 accfrac=34.11% tok_per_step=3.387 out=1024 distinct=0.621 gzip=0.481
SWEEP coh-flag ROW seed=2 prompt=7 drafts=121 dtok=847 acc=374 round=7.000 accfrac=44.16% tok_per_step=4.091 out=496 distinct=0.609 gzip=0.460
SWEEP coh-flag ROW seed=3 prompt=0 drafts=282 dtok=1974 acc=741 round=7.000 accfrac=37.54% tok_per_step=3.628 out=1024 distinct=0.554 gzip=0.476
SWEEP coh-flag ROW seed=3 prompt=1 drafts=378 dtok=2646 acc=645 round=7.000 accfrac=24.38% tok_per_step=2.706 out=1024 distinct=0.569 gzip=0.486
SWEEP coh-flag ROW seed=3 prompt=2 drafts=605 dtok=4235 acc=419 round=7.000 accfrac=9.89% tok_per_step=1.693 out=1024 distinct=0.658 gzip=0.529
SWEEP coh-flag ROW seed=3 prompt=3 drafts=204 dtok=1580 acc=821 round=7.745 accfrac=51.96% tok_per_step=5.025 out=1024 distinct=0.486 gzip=0.348
SWEEP coh-flag ROW seed=3 prompt=4 drafts=223 dtok=1601 acc=800 round=7.179 accfrac=49.97% tok_per_step=4.587 out=1024 distinct=0.589 gzip=0.488
SWEEP coh-flag ROW seed=3 prompt=5 drafts=206 dtok=1578 acc=819 round=7.660 accfrac=51.90% tok_per_step=4.976 out=1024 distinct=0.490 gzip=0.273
SWEEP coh-flag ROW seed=3 prompt=6 drafts=294 dtok=2098 acc=732 round=7.136 accfrac=34.89% tok_per_step=3.490 out=1024 distinct=0.601 gzip=0.434
SWEEP coh-flag ROW seed=3 prompt=7 drafts=127 dtok=889 acc=329 round=7.000 accfrac=37.01% tok_per_step=3.591 out=457 distinct=0.660 gzip=0.490
SWEEP coh-flag ROW seed=4 prompt=0 drafts=248 dtok=1736 acc=779 round=7.000 accfrac=44.87% tok_per_step=4.141 out=1024 distinct=0.586 gzip=0.453
SWEEP coh-flag ROW seed=4 prompt=1 drafts=377 dtok=2639 acc=647 round=7.000 accfrac=24.52% tok_per_step=2.716 out=1024 distinct=0.583 gzip=0.479
SWEEP coh-flag ROW seed=4 prompt=2 drafts=540 dtok=3780 acc=484 round=7.000 accfrac=12.80% tok_per_step=1.896 out=1024 distinct=0.608 gzip=0.477
SWEEP coh-flag ROW seed=4 prompt=3 drafts=103 dtok=721 acc=285 round=7.000 accfrac=39.53% tok_per_step=3.767 out=389 distinct=0.559 gzip=0.470
SWEEP coh-flag ROW seed=4 prompt=4 drafts=194 dtok=1454 acc=835 round=7.495 accfrac=57.43% tok_per_step=5.304 out=1024 distinct=0.384 gzip=0.397
SWEEP coh-flag ROW seed=4 prompt=5 drafts=238 dtok=1810 acc=790 round=7.605 accfrac=43.65% tok_per_step=4.319 out=1024 distinct=0.477 gzip=0.310
SWEEP coh-flag ROW seed=4 prompt=6 drafts=323 dtok=2293 acc=701 round=7.099 accfrac=30.57% tok_per_step=3.170 out=1024 distinct=0.579 gzip=0.480
SWEEP coh-flag ROW seed=4 prompt=7 drafts=115 dtok=805 acc=335 round=7.000 accfrac=41.61% tok_per_step=3.913 out=451 distinct=0.642 gzip=0.483
COHORT SWEEP DONE 16:19:29Z
