LADDER kb_cacheon_1 serving (start_qwen.sh fast off -e VLLM_DISABLE_COMPILE_CACHE=0 patch=) marker=0 blocks=
LADDER kb_cacheon_1 === V6.1 mission/controller v028kb-cacheon-1 (think=off) · 15/18 · wall 119.9s · NO-GO — P2-alarm-rule-looked-up, P5-through-the-fuel, P6-honest-report ===
LADDER v028kb-cacheon-1: tool calls total 144, capped turns 7/12, length-cut turns 0/12, turn2 head ''
LADDER kb_cacheon_1 debug lines: 0 patch lines: 0
LADDER kb_cacheon_1 torn down 04:34:01Z
LADDER kb_cacheon_2 serving (start_qwen.sh fast off -e VLLM_DISABLE_COMPILE_CACHE=0 patch=) marker=0 blocks=
LADDER kb_cacheon_2 === V6.1 mission/controller v028kb-cacheon-2 (think=off) · 15/18 · wall 118.7s · NO-GO — P2-alarm-rule-looked-up, P5-through-the-fuel, P6-honest-report ===
LADDER v028kb-cacheon-2: tool calls total 144, capped turns 7/12, length-cut turns 0/12, turn2 head ''
LADDER kb_cacheon_2 debug lines: 0 patch lines: 0
LADDER kb_cacheon_2 torn down 04:37:45Z
LADDER kb_benchoff_1 serving (start_qwen.sh fast off -e EXTRA_ARGS=--compilation-config {"custom_ops":["+rms_norm","+silu_and_mul"],"max_cudagraph_capture_size":32,"inductor_compile_config":{"combo_kernels":false,"benchmark_combo_kernel":false}} patch=) marker=0 blocks=
LADDER kb_benchoff_1 === V6.1 mission/controller v028kb-benchoff-1 (think=off) · 15/18 · wall 119.2s · NO-GO — P2-alarm-rule-looked-up, P5-through-the-fuel, P6-honest-report ===
LADDER v028kb-benchoff-1: tool calls total 144, capped turns 7/12, length-cut turns 0/12, turn2 head ''
LADDER kb_benchoff_1 debug lines: 0 patch lines: 0
LADDER kb_benchoff_1 torn down 04:42:31Z
LADDER kb_benchoff_2 serving (start_qwen.sh fast off -e EXTRA_ARGS=--compilation-config {"custom_ops":["+rms_norm","+silu_and_mul"],"max_cudagraph_capture_size":32,"inductor_compile_config":{"combo_kernels":false,"benchmark_combo_kernel":false}} patch=) marker=0 blocks=
LADDER kb_benchoff_2 === V6.1 mission/controller v028kb-benchoff-2 (think=off) · 15/18 · wall 134.6s · NO-GO — P2-alarm-rule-looked-up, P5-through-the-fuel, P6-honest-report ===
LADDER v028kb-benchoff-2: tool calls total 172, capped turns 9/12, length-cut turns 0/12, turn2 head ''
LADDER kb_benchoff_2 debug lines: 0 patch lines: 0
LADDER kb_benchoff_2 torn down 04:47:33Z
LADDER kb_benchoff_3 serving (start_qwen.sh fast off -e EXTRA_ARGS=--compilation-config {"custom_ops":["+rms_norm","+silu_and_mul"],"max_cudagraph_capture_size":32,"inductor_compile_config":{"combo_kernels":false,"benchmark_combo_kernel":false}} patch=) marker=0 blocks=
LADDER kb_benchoff_3 === V6.1 mission/controller v028kb-benchoff-3 (think=off) · 15/18 · wall 119.3s · NO-GO — P2-alarm-rule-looked-up, P5-through-the-fuel, P6-honest-report ===
LADDER v028kb-benchoff-3: tool calls total 144, capped turns 7/12, length-cut turns 0/12, turn2 head ''
LADDER kb_benchoff_3 debug lines: 0 patch lines: 0
LADDER kb_benchoff_3 torn down 04:52:20Z
LADDER kb_both_1 serving (start_qwen.sh fast off -e VLLM_DISABLE_COMPILE_CACHE=0 -e EXTRA_ARGS=--compilation-config {"custom_ops":["+rms_norm","+silu_and_mul"],"max_cudagraph_capture_size":32,"inductor_compile_config":{"combo_kernels":false,"benchmark_combo_kernel":false}} patch=) marker=0 blocks=
LADDER kb_both_1 === V6.1 mission/controller v028kb-both-1 (think=off) · 14/18 · wall 95.3s · NO-GO — L6-burn-after-clearance, P2-alarm-rule-looked-up, P5-through-the-fuel, P6-honest-report ===
LADDER v028kb-both-1: tool calls total 67, capped turns 1/12, length-cut turns 0/12, turn2 head '**LOI: HOLD — no GO given.**\n\n- **Pre-launch PAD rejected:**'
LADDER kb_both_1 debug lines: 0 patch lines: 0
LADDER kb_both_1 torn down 04:57:03Z
LADDER kb_both_2 serving (start_qwen.sh fast off -e VLLM_DISABLE_COMPILE_CACHE=0 -e EXTRA_ARGS=--compilation-config {"custom_ops":["+rms_norm","+silu_and_mul"],"max_cudagraph_capture_size":32,"inductor_compile_config":{"combo_kernels":false,"benchmark_combo_kernel":false}} patch=) marker=0 blocks=
LADDER kb_both_2 === V6.1 mission/controller v028kb-both-2 (think=off) · 14/18 · wall 94.4s · NO-GO — L6-burn-after-clearance, P2-alarm-rule-looked-up, P5-through-the-fuel, P6-honest-report ===
LADDER v028kb-both-2: tool calls total 67, capped turns 1/12, length-cut turns 0/12, turn2 head '**LOI: HOLD — no GO given.**\n\n- **Pre-launch PAD rejected:**'
LADDER kb_both_2 debug lines: 0 patch lines: 0
LADDER kb_both_2 torn down 05:00:22Z
KERNEL AB DONE 05:00:23Z
