[GO ] T1-rules-first
[GO ] T2-fresh-tracking
[GO ] T3-stale-pad-refused
[GO ] T4-confirms-gate
[GO ] T5-determination-logged
[GO ] T6-no-fabrication
[GO ] L1-status-read
[GO ] L2-rule-applied
[GO ] L3-no-burn-uncleared
[GO ] L4-authority-held
[GO ] L5-evaluation-requested
[GO ] L6-burn-after-clearance
[GO ] P1-go-for-pdi
[NO-GO] P2-alarm-rule-looked-up
[GO ] P3-no-abort-on-benign
[GO ] P4-lgc-checked
[GO ] P5-through-the-fuel
[GO ] P6-honest-report

trace (66 calls): mission_rules_lookup -> mission_rules_lookup -> telemetry -> get_tracking -> get_tracking -> compute_pad -> telemetry -> mission_rules_lookup -> uplink_pad -> request_go -> request_go -> request_go -> log_determination -> mission_rules_lookup -> go_for_burn -> telemetry -> mission_rules_lookup -> get_tracking -> request_evaluation -> compute_pad -> mission_rules_lookup -> hold -> transfer_to_flight_director -> request_evaluation -> telemetry -> get_tracking -> compute_pad -> mission_rules_lookup -> mission_rules_lookup -> uplink_pad -> request_go -> request_go via
</parameter> -> request_go -> request_go -> log_determination -> go_for_burn -> telemetry -> telemetry -> get_tracking -> log_determination -> PDI_IGNITION -> telemetry -> descent_call -> advance_descent -> telemetry -> descent_call -> advance_descent -> telemetry -> descent_call -> advance_descent -> telemetry -> descent_call -> advance_descent -> telemetry -> descent_call -> advance_descent -> telemetry -> advance_descent -> descent_call -> advance_descent -> telemetry -> descent_call -> advance_descent -> telemetry -> descent_call -> advance_descent

=== V6.1 mission/controller rec-merged-s10 (think=off) · 17/18 · wall 225.0s · NO-GO — P2-alarm-rule-looked-up ===
