LADDER n_int4_df7 serving (alternative.sh long dflash2 -e VLLM_INT4_MQ_3D=1 patch=) marker=0 blocks=
LADDER n_int4_df7 === V6.1 mission/controller v028new-int4-df7 (think=off) · 15/18 · wall 102.2s · NO-GO — P2-alarm-rule-looked-up, P5-through-the-fuel, P6-honest-report ===
LADDER v028new-int4-df7: tool calls total 51, capped turns 0/12, length-cut turns 0/12, turn2 head 'No. That PAD is void.\n\nThe pre-launch PAD was computed from '
LADDER n_int4_df7 debug lines: 0 patch lines: 0
LADDER n_int4_df7 torn down 10:54:17Z
LADDER n_bf16_df7 serving (start_qwen.sh fast dflash2  patch=) marker=0 blocks=
LADDER n_bf16_df7 === V6.1 mission/controller v028new-bf16-df7 (think=off) · 13/18 · wall 45.7s · NO-GO — T6-no-fabrication, L1-status-read, L6-burn-after-clearance, P5-through-the-fuel, P6-honest-report ===
LADDER v028new-bf16-df7: tool calls total 56, capped turns 1/12, length-cut turns 0/12, turn2 head 'Held. The pre-launch PAD is void by the TLI margin rule: a P'
LADDER n_bf16_df7 debug lines: 0 patch lines: 0
LADDER n_bf16_df7 torn down 10:58:52Z
LADDER f_int4_df7_built serving (alternative.sh long dflash2 -e VLLM_INT4_MQ_3D=1 patch=) marker=0 blocks=
LADDER f_int4_df7_built === V6.1 mission/controller v028fix-int4-df7-built (think=off) · 15/18 · wall 86.7s · NO-GO — P2-alarm-rule-looked-up, P5-through-the-fuel, P6-honest-report ===
LADDER v028fix-int4-df7-built: tool calls total 40, capped turns 1/12, length-cut turns 0/12, turn2 head 'No. That PAD is void.\n\nThe pre-launch PAD was computed from '
LADDER f_int4_df7_built debug lines: 0 patch lines: 0
LADDER f_int4_df7_built torn down 11:04:18Z
LADDER f_kvarn_mtp_built serving (start_qwen.sh huge mtp  patch=) marker=0 blocks=
LADDER f_kvarn_mtp_built === V6.1 mission/controller v028fix-kvarn-mtp-built (think=off) · 13/18 · wall 64.3s · NO-GO — L1-status-read, L6-burn-after-clearance, P4-lgc-checked, P5-through-the-fuel, P6-honest-report ===
LADDER v028fix-kvarn-mtp-built: tool calls total 60, capped turns 0/12, length-cut turns 2/12, turn2 head 'No. The pre-launch PAD is void — it was computed before the '
LADDER f_kvarn_mtp_built debug lines: 0 patch lines: 0
LADDER f_kvarn_mtp_built torn down 11:10:02Z
LADDER d_bf16_specoff_nopartial serving (start_qwen.sh fast off  patch=yes) marker=0 blocks=
LADDER d_bf16_specoff_nopartial === V6.1 mission/controller v028-diag-bf16-specoff-nopartial (think=off) · 15/18 · wall 133.0s · NO-GO — P2-alarm-rule-looked-up, P5-through-the-fuel, P6-honest-report ===
LADDER v028-diag-bf16-specoff-nopartial: tool calls total 169, capped turns 9/12, length-cut turns 0/12, turn2 head ''
LADDER d_bf16_specoff_nopartial debug lines: 0 patch lines: 1
LADDER d_bf16_specoff_nopartial torn down 11:15:22Z
LADDER d_bf16_df7_nopartial serving (start_qwen.sh fast dflash2  patch=yes) marker=0 blocks=
LADDER d_bf16_df7_nopartial === V6.1 mission/controller v028-diag-bf16-df7-nopartial (think=off) · 15/18 · wall 80.7s · NO-GO — P2-alarm-rule-looked-up, P5-through-the-fuel, P6-honest-report ===
LADDER v028-diag-bf16-df7-nopartial: tool calls total 172, capped turns 9/12, length-cut turns 0/12, turn2 head ''
LADDER d_bf16_df7_nopartial debug lines: 0 patch lines: 1
LADDER d_bf16_df7_nopartial torn down 11:20:11Z
