ORDER exit=0
ORDER draft_logits=False
ORDER ORDERROW order=A seed=1 drafts=72 dtok=504 acc=184 round=7.000 tok_per_step=3.556 out=256
ORDER ORDERROW order=A seed=2 drafts=74 dtok=518 acc=183 round=7.000 tok_per_step=3.473 out=256
ORDER ORDERROW order=A seed=3 drafts=37 dtok=259 acc=223 round=7.000 tok_per_step=7.027 out=256
ORDER ORDERROW order=A seed=4 drafts=57 dtok=399 acc=198 round=7.000 tok_per_step=4.474 out=256
ORDER ORDERROW order=A seed=5 drafts=75 dtok=525 acc=180 round=7.000 tok_per_step=3.400 out=256
ORDER ORDERROW order=A seed=6 drafts=74 dtok=518 acc=187 round=7.000 tok_per_step=3.527 out=256
ORDER ORDERROW order=B seed=6 drafts=74 dtok=518 acc=187 round=7.000 tok_per_step=3.527 out=256
ORDER ORDERROW order=B seed=5 drafts=75 dtok=525 acc=180 round=7.000 tok_per_step=3.400 out=256
ORDER ORDERROW order=B seed=4 drafts=57 dtok=399 acc=198 round=7.000 tok_per_step=4.474 out=256
ORDER ORDERROW order=B seed=3 drafts=37 dtok=259 acc=223 round=7.000 tok_per_step=7.027 out=256
ORDER ORDERROW order=B seed=2 drafts=74 dtok=518 acc=183 round=7.000 tok_per_step=3.473 out=256
ORDER ORDERROW order=B seed=1 drafts=72 dtok=504 acc=184 round=7.000 tok_per_step=3.556 out=256
ORDER ORDERSUMMARY seed | drafts A/B | dtok A/B | acc A/B | verdict
ORDER ORDERSUMMARY 1 | 72/72 | 504/504 | 184/184 | drafts= acc= dtok=
ORDER ORDERSUMMARY 2 | 74/74 | 518/518 | 183/183 | drafts= acc= dtok=
ORDER ORDERSUMMARY 3 | 37/37 | 259/259 | 223/223 | drafts= acc= dtok=
ORDER ORDERSUMMARY 4 | 57/57 | 399/399 | 198/198 | drafts= acc= dtok=
ORDER ORDERSUMMARY 5 | 75/75 | 525/525 | 180/180 | drafts= acc= dtok=
ORDER ORDERSUMMARY 6 | 74/74 | 518/518 | 187/187 | drafts= acc= dtok=
ORDER ORDERVERDICT drafts+accepted invariant on 6/6 seeds; drafted tokens invariant on 6/6 seeds
ORDER ARM DONE 01:19:05Z
