/app/venv/lib/python3.12/site-packages/huggingface_hub/constants.py:310: FutureWarning: The `HF_HUB_ENABLE_HF_TRANSFER` environment variable is deprecated as 'hf_transfer' is not used anymore. Please use `HF_XET_HIGH_PERFORMANCE` instead to enable high performance transfer with Xet. Visit https://huggingface.co/docs/huggingface_hub/package_reference/environment_variables#hfxethighperformance for more details.
  warnings.warn(
[sweep-v028-kvarn-df7] BROKEN residue= 56 len=23736 tok/step=1.95 cov=0.00 chars=2695 prefix=4 rep=59 sha=2409b30ddcac (cov 0.00 < 0.5)
[sweep-v028-kvarn-df7] BROKEN residue= 57 len=23737 tok/step=1.95 cov=0.00 chars=2695 prefix=4 rep=59 sha=2409b30ddcac (cov 0.00 < 0.5)
[sweep-v028-kvarn-df7] BROKEN residue= 58 len=23738 tok/step=1.95 cov=0.00 chars=2695 prefix=4 rep=59 sha=2409b30ddcac (cov 0.00 < 0.5)
[sweep-v028-kvarn-df7] BROKEN residue= 59 len=23739 tok/step=1.95 cov=0.00 chars=2695 prefix=4 rep=59 sha=2409b30ddcac (cov 0.00 < 0.5)
[sweep-v028-kvarn-df7] BROKEN residue= 60 len=23740 tok/step=1.95 cov=0.00 chars=2695 prefix=4 rep=59 sha=2409b30ddcac (cov 0.00 < 0.5)
[sweep-v028-kvarn-df7] BROKEN residue= 61 len=23741 tok/step=1.95 cov=0.00 chars=2695 prefix=4 rep=59 sha=2409b30ddcac (cov 0.00 < 0.5)
[sweep-v028-kvarn-df7] BROKEN residue= 62 len=23742 tok/step=1.95 cov=0.00 chars=2695 prefix=4 rep=59 sha=2409b30ddcac (cov 0.00 < 0.5)
[sweep-v028-kvarn-df7] BROKEN residue= 63 len=23743 tok/step=1.95 cov=0.00 chars=2695 prefix=4 rep=59 sha=2409b30ddcac (cov 0.00 < 0.5)
[sweep-v028-kvarn-df7] BROKEN residue= 64 len=23744 tok/step=1.95 cov=0.00 chars=2695 prefix=4 rep=59 sha=2409b30ddcac (cov 0.00 < 0.5)
[sweep-v028-kvarn-df7] BROKEN residue= 65 len=23745 tok/step=1.95 cov=0.00 chars=2695 prefix=4 rep=59 sha=2409b30ddcac (cov 0.00 < 0.5)
[sweep-v028-kvarn-df7] BROKEN residue= 66 len=23746 tok/step=1.95 cov=0.00 chars=2695 prefix=4 rep=59 sha=2409b30ddcac (cov 0.00 < 0.5)
[sweep-v028-kvarn-df7] BROKEN residue= 67 len=23747 tok/step=1.95 cov=0.00 chars=2695 prefix=4 rep=59 sha=2409b30ddcac (cov 0.00 < 0.5)
[sweep-v028-kvarn-df7] BROKEN residue= 68 len=23748 tok/step=1.00 cov=0.00 chars=837 prefix=3 rep=1 sha=6d693bb32052 (cov 0.00 < 0.5)
[sweep-v028-kvarn-df7] BROKEN residue= 69 len=23749 tok/step=1.95 cov=0.00 chars=2695 prefix=4 rep=59 sha=2409b30ddcac (cov 0.00 < 0.5)
[sweep-v028-kvarn-df7] BROKEN residue= 70 len=23750 tok/step=1.95 cov=0.00 chars=2695 prefix=4 rep=59 sha=2409b30ddcac (cov 0.00 < 0.5)
[sweep-v028-kvarn-df7] BROKEN residue= 71 len=23751 tok/step=1.95 cov=0.00 chars=2695 prefix=4 rep=59 sha=2409b30ddcac (cov 0.00 < 0.5)
[sweep-v028-kvarn-df7] BROKEN residue= 72 len=23752 tok/step=1.00 cov=0.00 chars=140 prefix=3 rep=1 sha=20c292c16acb (cov 0.00 < 0.5)
[sweep-v028-kvarn-df7] BROKEN residue= 73 len=23753 tok/step=1.95 cov=0.00 chars=2695 prefix=4 rep=59 sha=2409b30ddcac (cov 0.00 < 0.5)
[sweep-v028-kvarn-df7] BROKEN residue= 74 len=23754 tok/step=nan cov=0.00 chars=0 prefix=0 rep=1 sha=da39a3ee5e6b (empty)
[sweep-v028-kvarn-df7] BROKEN residue= 75 len=23755 tok/step=1.95 cov=0.00 chars=2695 prefix=4 rep=59 sha=2409b30ddcac (cov 0.00 < 0.5)
[sweep-v028-kvarn-df7] BROKEN residue= 76 len=23756 tok/step=1.02 cov=0.00 chars=361 prefix=2 rep=1 sha=49dcf814136c (cov 0.00 < 0.5)
[sweep-v028-kvarn-df7] BROKEN residue= 77 len=23757 tok/step=1.95 cov=0.00 chars=2695 prefix=4 rep=59 sha=2409b30ddcac (cov 0.00 < 0.5)
[sweep-v028-kvarn-df7] BROKEN residue= 78 len=23758 tok/step=1.95 cov=0.00 chars=2695 prefix=4 rep=59 sha=2409b30ddcac (cov 0.00 < 0.5)
[sweep-v028-kvarn-df7] BROKEN residue= 79 len=23759 tok/step=1.00 cov=0.00 chars=33 prefix=2 rep=1 sha=883125e6f721 (33 chars)
[sweep-v028-kvarn-df7] BROKEN residue= 80 len=23760 tok/step=1.00 cov=0.00 chars=781 prefix=1 rep=1 sha=13ccbffe5530 (cov 0.00 < 0.5)
[sweep-v028-kvarn-df7] BROKEN residue= 81 len=23761 tok/step=1.95 cov=0.00 chars=2695 prefix=4 rep=59 sha=2409b30ddcac (cov 0.00 < 0.5)
[sweep-v028-kvarn-df7] BROKEN residue= 82 len=23762 tok/step=1.00 cov=0.00 chars=769 prefix=3 rep=1 sha=d48d19ecab6c (cov 0.00 < 0.5)
[sweep-v028-kvarn-df7] BROKEN residue= 83 len=23763 tok/step=1.95 cov=0.00 chars=2695 prefix=4 rep=59 sha=2409b30ddcac (cov 0.00 < 0.5)
[sweep-v028-kvarn-df7] BROKEN residue= 84 len=23764 tok/step=1.02 cov=0.00 chars=236 prefix=4 rep=1 sha=ca5945142ea7 (cov 0.00 < 0.5)
[sweep-v028-kvarn-df7] BROKEN residue= 85 len=23765 tok/step=1.95 cov=0.00 chars=2695 prefix=4 rep=59 sha=2409b30ddcac (cov 0.00 < 0.5)
[sweep-v028-kvarn-df7] BROKEN residue= 86 len=23766 tok/step=1.00 cov=0.00 chars=942 prefix=3 rep=1 sha=4277989ec4f8 (cov 0.00 < 0.5)
[sweep-v028-kvarn-df7] BROKEN residue= 87 len=23767 tok/step=1.95 cov=0.00 chars=2695 prefix=4 rep=59 sha=2409b30ddcac (cov 0.00 < 0.5)
[sweep-v028-kvarn-df7] BROKEN residue= 88 len=23768 tok/step=1.95 cov=0.00 chars=2695 prefix=4 rep=59 sha=2409b30ddcac (cov 0.00 < 0.5)
[sweep-v028-kvarn-df7] BROKEN residue= 89 len=23769 tok/step=1.95 cov=0.00 chars=2695 prefix=4 rep=59 sha=2409b30ddcac (cov 0.00 < 0.5)
[sweep-v028-kvarn-df7] BROKEN residue= 90 len=23770 tok/step=1.95 cov=0.00 chars=2695 prefix=4 rep=59 sha=2409b30ddcac (cov 0.00 < 0.5)
[sweep-v028-kvarn-df7] BROKEN residue= 91 len=23771 tok/step=1.95 cov=0.00 chars=2695 prefix=4 rep=59 sha=2409b30ddcac (cov 0.00 < 0.5)
[sweep-v028-kvarn-df7] BROKEN residue= 92 len=23772 tok/step=1.00 cov=0.00 chars=60 prefix=0 rep=1 sha=4da857e1d1b4 (cov 0.00 < 0.5)
[sweep-v028-kvarn-df7] BROKEN residue= 93 len=23773 tok/step=1.00 cov=0.00 chars=875 prefix=0 rep=1 sha=afb313919d7d (cov 0.00 < 0.5)
[sweep-v028-kvarn-df7] BROKEN residue= 94 len=23774 tok/step=1.95 cov=0.00 chars=2695 prefix=4 rep=59 sha=2409b30ddcac (cov 0.00 < 0.5)
[sweep-v028-kvarn-df7] BROKEN residue= 95 len=23775 tok/step=1.95 cov=0.00 chars=2695 prefix=4 rep=59 sha=2409b30ddcac (cov 0.00 < 0.5)
[sweep-v028-kvarn-df7] BROKEN residue= 96 len=23776 tok/step=1.00 cov=0.00 chars=531 prefix=2 rep=1 sha=7a0c6a528688 (cov 0.00 < 0.5)
[sweep-v028-kvarn-df7] BROKEN residue= 97 len=23777 tok/step=1.95 cov=0.00 chars=2695 prefix=4 rep=59 sha=2409b30ddcac (cov 0.00 < 0.5)
[sweep-v028-kvarn-df7] BROKEN residue= 98 len=23778 tok/step=1.95 cov=0.00 chars=2695 prefix=4 rep=59 sha=2409b30ddcac (cov 0.00 < 0.5)
[sweep-v028-kvarn-df7] BROKEN residue= 99 len=23779 tok/step=1.95 cov=0.00 chars=2695 prefix=4 rep=59 sha=2409b30ddcac (cov 0.00 < 0.5)
[sweep-v028-kvarn-df7] BROKEN residue=100 len=23780 tok/step=1.00 cov=0.00 chars=904 prefix=0 rep=1 sha=26bcda0a9673 (cov 0.00 < 0.5)
[sweep-v028-kvarn-df7] BROKEN residue=101 len=23781 tok/step=1.95 cov=0.00 chars=2695 prefix=4 rep=59 sha=2409b30ddcac (cov 0.00 < 0.5)
