/app/venv/lib/python3.12/site-packages/huggingface_hub/constants.py:310: FutureWarning: The `HF_HUB_ENABLE_HF_TRANSFER` environment variable is deprecated as 'hf_transfer' is not used anymore. Please use `HF_XET_HIGH_PERFORMANCE` instead to enable high performance transfer with Xet. Visit https://huggingface.co/docs/huggingface_hub/package_reference/environment_variables#hfxethighperformance for more details.
  warnings.warn(
[sweep-v028author-kvarn-df7] .. residue= 56 ok cov=1.00 chars=834 sha=1c9a7c9afa9e (1/128)
[sweep-v028author-kvarn-df7] .. residue= 57 ok cov=1.00 chars=834 sha=1c9a7c9afa9e (2/128)
[sweep-v028author-kvarn-df7] .. residue= 58 ok cov=1.00 chars=834 sha=1c9a7c9afa9e (3/128)
[sweep-v028author-kvarn-df7] .. residue= 59 ok cov=1.00 chars=834 sha=1c9a7c9afa9e (4/128)
[sweep-v028author-kvarn-df7] .. residue= 60 ok cov=1.00 chars=834 sha=1c9a7c9afa9e (5/128)
[sweep-v028author-kvarn-df7] .. residue= 61 ok cov=1.00 chars=834 sha=1c9a7c9afa9e (6/128)
[sweep-v028author-kvarn-df7] .. residue= 62 ok cov=1.00 chars=834 sha=1c9a7c9afa9e (7/128)
[sweep-v028author-kvarn-df7] .. residue= 63 ok cov=1.00 chars=834 sha=1c9a7c9afa9e (8/128)
[sweep-v028author-kvarn-df7] .. residue= 64 ok cov=1.00 chars=834 sha=1c9a7c9afa9e (9/128)
[sweep-v028author-kvarn-df7] .. residue= 65 ok cov=1.00 chars=834 sha=1c9a7c9afa9e (10/128)
[sweep-v028author-kvarn-df7] .. residue= 66 ok cov=1.00 chars=834 sha=1c9a7c9afa9e (11/128)
[sweep-v028author-kvarn-df7] .. residue= 67 ok cov=1.00 chars=834 sha=1c9a7c9afa9e (12/128)
[sweep-v028author-kvarn-df7] .. residue= 68 ok cov=1.00 chars=834 sha=1c9a7c9afa9e (13/128)
[sweep-v028author-kvarn-df7] .. residue= 69 ok cov=1.00 chars=834 sha=1c9a7c9afa9e (14/128)
[sweep-v028author-kvarn-df7] .. residue= 70 ok cov=1.00 chars=834 sha=1c9a7c9afa9e (15/128)
[sweep-v028author-kvarn-df7] .. residue= 71 ok cov=1.00 chars=834 sha=1c9a7c9afa9e (16/128)
[sweep-v028author-kvarn-df7] .. residue= 72 ok cov=1.00 chars=834 sha=1c9a7c9afa9e (17/128)
[sweep-v028author-kvarn-df7] .. residue= 73 ok cov=1.00 chars=834 sha=1c9a7c9afa9e (18/128)
[sweep-v028author-kvarn-df7] .. residue= 74 ok cov=1.00 chars=834 sha=1c9a7c9afa9e (19/128)
[sweep-v028author-kvarn-df7] .. residue= 75 ok cov=1.00 chars=834 sha=1c9a7c9afa9e (20/128)
[sweep-v028author-kvarn-df7] .. residue= 76 ok cov=1.00 chars=834 sha=1c9a7c9afa9e (21/128)
[sweep-v028author-kvarn-df7] .. residue= 77 ok cov=1.00 chars=834 sha=1c9a7c9afa9e (22/128)
[sweep-v028author-kvarn-df7] .. residue= 78 ok cov=1.00 chars=834 sha=1c9a7c9afa9e (23/128)
[sweep-v028author-kvarn-df7] .. residue= 79 ok cov=1.00 chars=834 sha=1c9a7c9afa9e (24/128)
[sweep-v028author-kvarn-df7] .. residue= 80 ok cov=1.00 chars=834 sha=1c9a7c9afa9e (25/128)
[sweep-v028author-kvarn-df7] .. residue= 81 ok cov=1.00 chars=834 sha=1c9a7c9afa9e (26/128)
[sweep-v028author-kvarn-df7] .. residue= 82 ok cov=1.00 chars=834 sha=1c9a7c9afa9e (27/128)
[sweep-v028author-kvarn-df7] .. residue= 83 ok cov=1.00 chars=834 sha=1c9a7c9afa9e (28/128)
[sweep-v028author-kvarn-df7] .. residue= 84 ok cov=1.00 chars=834 sha=1c9a7c9afa9e (29/128)
[sweep-v028author-kvarn-df7] .. residue= 85 ok cov=1.00 chars=834 sha=1c9a7c9afa9e (30/128)
[sweep-v028author-kvarn-df7] .. residue= 86 ok cov=1.00 chars=834 sha=1c9a7c9afa9e (31/128)
[sweep-v028author-kvarn-df7] .. residue= 87 ok cov=1.00 chars=834 sha=1c9a7c9afa9e (32/128)
[sweep-v028author-kvarn-df7] .. residue= 88 ok cov=1.00 chars=834 sha=1c9a7c9afa9e (33/128)
[sweep-v028author-kvarn-df7] .. residue= 89 ok cov=1.00 chars=834 sha=1c9a7c9afa9e (34/128)
[sweep-v028author-kvarn-df7] .. residue= 90 ok cov=1.00 chars=834 sha=1c9a7c9afa9e (35/128)
[sweep-v028author-kvarn-df7] .. residue= 91 ok cov=1.00 chars=834 sha=1c9a7c9afa9e (36/128)
[sweep-v028author-kvarn-df7] .. residue= 92 ok cov=1.00 chars=834 sha=1c9a7c9afa9e (37/128)
[sweep-v028author-kvarn-df7] .. residue= 93 ok cov=1.00 chars=834 sha=1c9a7c9afa9e (38/128)
[sweep-v028author-kvarn-df7] .. residue= 94 ok cov=1.00 chars=834 sha=1c9a7c9afa9e (39/128)
[sweep-v028author-kvarn-df7] .. residue= 95 ok cov=1.00 chars=834 sha=1c9a7c9afa9e (40/128)
[sweep-v028author-kvarn-df7] .. residue= 96 ok cov=1.00 chars=834 sha=1c9a7c9afa9e (41/128)
[sweep-v028author-kvarn-df7] .. residue= 97 ok cov=1.00 chars=834 sha=1c9a7c9afa9e (42/128)
[sweep-v028author-kvarn-df7] .. residue= 98 ok cov=1.00 chars=834 sha=1c9a7c9afa9e (43/128)
[sweep-v028author-kvarn-df7] .. residue= 99 ok cov=1.00 chars=834 sha=1c9a7c9afa9e (44/128)
[sweep-v028author-kvarn-df7] .. residue=100 ok cov=1.00 chars=834 sha=1c9a7c9afa9e (45/128)
[sweep-v028author-kvarn-df7] .. residue=101 ok cov=1.00 chars=834 sha=1c9a7c9afa9e (46/128)
[sweep-v028author-kvarn-df7] .. residue=102 ok cov=1.00 chars=834 sha=1c9a7c9afa9e (47/128)
[sweep-v028author-kvarn-df7] .. residue=103 ok cov=1.00 chars=834 sha=1c9a7c9afa9e (48/128)
[sweep-v028author-kvarn-df7] .. residue=104 ok cov=1.00 chars=834 sha=1c9a7c9afa9e (49/128)
[sweep-v028author-kvarn-df7] .. residue=105 ok cov=1.00 chars=834 sha=1c9a7c9afa9e (50/128)
[sweep-v028author-kvarn-df7] .. residue=106 ok cov=1.00 chars=834 sha=1c9a7c9afa9e (51/128)
[sweep-v028author-kvarn-df7] .. residue=107 ok cov=1.00 chars=834 sha=1c9a7c9afa9e (52/128)
[sweep-v028author-kvarn-df7] .. residue=108 ok cov=1.00 chars=834 sha=1c9a7c9afa9e (53/128)
[sweep-v028author-kvarn-df7] .. residue=109 ok cov=1.00 chars=834 sha=1c9a7c9afa9e (54/128)
[sweep-v028author-kvarn-df7] .. residue=110 ok cov=1.00 chars=834 sha=1c9a7c9afa9e (55/128)
[sweep-v028author-kvarn-df7] .. residue=111 ok cov=1.00 chars=834 sha=1c9a7c9afa9e (56/128)
[sweep-v028author-kvarn-df7] .. residue=112 ok cov=1.00 chars=834 sha=1c9a7c9afa9e (57/128)
[sweep-v028author-kvarn-df7] .. residue=113 ok cov=1.00 chars=834 sha=1c9a7c9afa9e (58/128)
[sweep-v028author-kvarn-df7] .. residue=114 ok cov=1.00 chars=834 sha=1c9a7c9afa9e (59/128)
[sweep-v028author-kvarn-df7] .. residue=115 ok cov=1.00 chars=834 sha=1c9a7c9afa9e (60/128)
[sweep-v028author-kvarn-df7] .. residue=116 ok cov=1.00 chars=834 sha=1c9a7c9afa9e (61/128)
[sweep-v028author-kvarn-df7] .. residue=117 ok cov=1.00 chars=834 sha=1c9a7c9afa9e (62/128)
[sweep-v028author-kvarn-df7] .. residue=118 ok cov=1.00 chars=834 sha=1c9a7c9afa9e (63/128)
[sweep-v028author-kvarn-df7] .. residue=119 ok cov=1.00 chars=834 sha=1c9a7c9afa9e (64/128)
[sweep-v028author-kvarn-df7] .. residue=120 ok cov=1.00 chars=834 sha=1c9a7c9afa9e (65/128)
[sweep-v028author-kvarn-df7] .. residue=121 ok cov=1.00 chars=834 sha=1c9a7c9afa9e (66/128)
[sweep-v028author-kvarn-df7] .. residue=122 ok cov=1.00 chars=834 sha=1c9a7c9afa9e (67/128)
[sweep-v028author-kvarn-df7] .. residue=123 ok cov=1.00 chars=834 sha=1c9a7c9afa9e (68/128)
[sweep-v028author-kvarn-df7] .. residue=124 ok cov=1.00 chars=834 sha=1c9a7c9afa9e (69/128)
[sweep-v028author-kvarn-df7] .. residue=125 ok cov=1.00 chars=834 sha=1c9a7c9afa9e (70/128)
[sweep-v028author-kvarn-df7] .. residue=126 ok cov=1.00 chars=834 sha=1c9a7c9afa9e (71/128)
[sweep-v028author-kvarn-df7] .. residue=127 ok cov=1.00 chars=834 sha=1c9a7c9afa9e (72/128)
[sweep-v028author-kvarn-df7] .. residue=  0 ok cov=1.00 chars=834 sha=1c9a7c9afa9e (73/128)
[sweep-v028author-kvarn-df7] .. residue=  1 ok cov=1.00 chars=834 sha=1c9a7c9afa9e (74/128)
[sweep-v028author-kvarn-df7] .. residue=  2 ok cov=1.00 chars=834 sha=1c9a7c9afa9e (75/128)
[sweep-v028author-kvarn-df7] .. residue=  3 ok cov=1.00 chars=834 sha=1c9a7c9afa9e (76/128)
[sweep-v028author-kvarn-df7] .. residue=  4 ok cov=1.00 chars=834 sha=1c9a7c9afa9e (77/128)
[sweep-v028author-kvarn-df7] .. residue=  5 ok cov=1.00 chars=834 sha=1c9a7c9afa9e (78/128)
[sweep-v028author-kvarn-df7] .. residue=  6 ok cov=1.00 chars=834 sha=1c9a7c9afa9e (79/128)
[sweep-v028author-kvarn-df7] .. residue=  7 ok cov=1.00 chars=834 sha=1c9a7c9afa9e (80/128)
[sweep-v028author-kvarn-df7] .. residue=  8 ok cov=1.00 chars=834 sha=1c9a7c9afa9e (81/128)
[sweep-v028author-kvarn-df7] .. residue=  9 ok cov=1.00 chars=834 sha=1c9a7c9afa9e (82/128)
[sweep-v028author-kvarn-df7] .. residue= 10 ok cov=1.00 chars=834 sha=1c9a7c9afa9e (83/128)
[sweep-v028author-kvarn-df7] .. residue= 11 ok cov=1.00 chars=834 sha=1c9a7c9afa9e (84/128)
[sweep-v028author-kvarn-df7] .. residue= 12 ok cov=1.00 chars=834 sha=1c9a7c9afa9e (85/128)
[sweep-v028author-kvarn-df7] .. residue= 13 ok cov=1.00 chars=834 sha=1c9a7c9afa9e (86/128)
[sweep-v028author-kvarn-df7] .. residue= 14 ok cov=1.00 chars=834 sha=1c9a7c9afa9e (87/128)
[sweep-v028author-kvarn-df7] .. residue= 15 ok cov=1.00 chars=834 sha=1c9a7c9afa9e (88/128)
[sweep-v028author-kvarn-df7] .. residue= 16 ok cov=1.00 chars=834 sha=1c9a7c9afa9e (89/128)
[sweep-v028author-kvarn-df7] .. residue= 17 ok cov=1.00 chars=834 sha=1c9a7c9afa9e (90/128)
[sweep-v028author-kvarn-df7] .. residue= 18 ok cov=1.00 chars=834 sha=1c9a7c9afa9e (91/128)
[sweep-v028author-kvarn-df7] .. residue= 19 ok cov=1.00 chars=834 sha=1c9a7c9afa9e (92/128)
[sweep-v028author-kvarn-df7] .. residue= 20 ok cov=1.00 chars=834 sha=1c9a7c9afa9e (93/128)
[sweep-v028author-kvarn-df7] .. residue= 21 ok cov=1.00 chars=834 sha=1c9a7c9afa9e (94/128)
[sweep-v028author-kvarn-df7] .. residue= 22 ok cov=1.00 chars=834 sha=1c9a7c9afa9e (95/128)
[sweep-v028author-kvarn-df7] .. residue= 23 ok cov=1.00 chars=834 sha=1c9a7c9afa9e (96/128)
[sweep-v028author-kvarn-df7] .. residue= 24 ok cov=1.00 chars=834 sha=1c9a7c9afa9e (97/128)
[sweep-v028author-kvarn-df7] .. residue= 25 ok cov=1.00 chars=834 sha=1c9a7c9afa9e (98/128)
[sweep-v028author-kvarn-df7] .. residue= 26 ok cov=1.00 chars=834 sha=1c9a7c9afa9e (99/128)
[sweep-v028author-kvarn-df7] .. residue= 27 ok cov=1.00 chars=834 sha=1c9a7c9afa9e (100/128)
[sweep-v028author-kvarn-df7] .. residue= 28 ok cov=1.00 chars=834 sha=1c9a7c9afa9e (101/128)
[sweep-v028author-kvarn-df7] .. residue= 29 ok cov=1.00 chars=834 sha=1c9a7c9afa9e (102/128)
[sweep-v028author-kvarn-df7] .. residue= 30 ok cov=1.00 chars=834 sha=1c9a7c9afa9e (103/128)
[sweep-v028author-kvarn-df7] .. residue= 31 ok cov=1.00 chars=834 sha=1c9a7c9afa9e (104/128)
[sweep-v028author-kvarn-df7] .. residue= 32 ok cov=1.00 chars=834 sha=1c9a7c9afa9e (105/128)
[sweep-v028author-kvarn-df7] .. residue= 33 ok cov=1.00 chars=834 sha=1c9a7c9afa9e (106/128)
[sweep-v028author-kvarn-df7] .. residue= 34 ok cov=1.00 chars=834 sha=1c9a7c9afa9e (107/128)
[sweep-v028author-kvarn-df7] .. residue= 35 ok cov=1.00 chars=834 sha=1c9a7c9afa9e (108/128)
[sweep-v028author-kvarn-df7] .. residue= 36 ok cov=1.00 chars=834 sha=1c9a7c9afa9e (109/128)
[sweep-v028author-kvarn-df7] .. residue= 37 ok cov=1.00 chars=834 sha=1c9a7c9afa9e (110/128)
[sweep-v028author-kvarn-df7] .. residue= 38 ok cov=1.00 chars=834 sha=1c9a7c9afa9e (111/128)
[sweep-v028author-kvarn-df7] .. residue= 39 ok cov=1.00 chars=834 sha=1c9a7c9afa9e (112/128)
[sweep-v028author-kvarn-df7] .. residue= 40 ok cov=1.00 chars=834 sha=1c9a7c9afa9e (113/128)
[sweep-v028author-kvarn-df7] .. residue= 41 ok cov=1.00 chars=834 sha=1c9a7c9afa9e (114/128)
[sweep-v028author-kvarn-df7] .. residue= 42 ok cov=1.00 chars=834 sha=1c9a7c9afa9e (115/128)
[sweep-v028author-kvarn-df7] .. residue= 43 ok cov=1.00 chars=834 sha=1c9a7c9afa9e (116/128)
[sweep-v028author-kvarn-df7] .. residue= 44 ok cov=1.00 chars=834 sha=1c9a7c9afa9e (117/128)
[sweep-v028author-kvarn-df7] .. residue= 45 ok cov=1.00 chars=834 sha=1c9a7c9afa9e (118/128)
[sweep-v028author-kvarn-df7] .. residue= 46 ok cov=1.00 chars=834 sha=1c9a7c9afa9e (119/128)
[sweep-v028author-kvarn-df7] .. residue= 47 ok cov=1.00 chars=834 sha=1c9a7c9afa9e (120/128)
[sweep-v028author-kvarn-df7] .. residue= 48 ok cov=1.00 chars=834 sha=1c9a7c9afa9e (121/128)
[sweep-v028author-kvarn-df7] .. residue= 49 ok cov=1.00 chars=834 sha=1c9a7c9afa9e (122/128)
[sweep-v028author-kvarn-df7] .. residue= 50 ok cov=1.00 chars=834 sha=1c9a7c9afa9e (123/128)
[sweep-v028author-kvarn-df7] .. residue= 51 ok cov=1.00 chars=834 sha=1c9a7c9afa9e (124/128)
[sweep-v028author-kvarn-df7] .. residue= 52 ok cov=1.00 chars=834 sha=1c9a7c9afa9e (125/128)
[sweep-v028author-kvarn-df7] .. residue= 53 ok cov=1.00 chars=834 sha=1c9a7c9afa9e (126/128)
[sweep-v028author-kvarn-df7] .. residue= 54 ok cov=1.00 chars=834 sha=1c9a7c9afa9e (127/128)
[sweep-v028author-kvarn-df7] .. residue= 55 ok cov=1.00 chars=834 sha=1c9a7c9afa9e (128/128)
[sweep-v028author-kvarn-df7] neighbourhood coverage (median of 128): 1.00
[sweep-v028author-kvarn-df7] DONE: 0 broken of 128 residues
