########## 03:38:04Z ARM k15_3d ##########
[k15_3d] SERVING at ~220s: GPU KV cache size: 43,866 tokens | scratch lines: 4 | int4 3D scratch: capacity=64 query tokens (min of max_num_batched_tokens=2048, min(max_num_seqs=4, seq_threshold_3D=32) * max_query_len_3d=16)
=== V4 int4-k15-3d (think=off) · 8/8 · wall 21.1s · GREEN — ALL SYSTEMS GO ===
=== V6.1 mission/controller int4-k15-3d (think=off) · 14/18 · wall 151.6s · NO-GO — T6-no-fabrication, P2-alarm-rule-looked-up, P5-through-the-fuel, P6-honest-report ===
=== V6.1 mission/controller int4-k15-3d (think=off) · 14/18 · wall 149.9s · NO-GO — T6-no-fabrication, P2-alarm-rule-looked-up, P5-through-the-fuel, P6-honest-report ===
[k15_3d] dispatch census (max_seqlen_q, use_3d):
    [int4-mq3d] num_seqs=1 max_seqlen_q=1840 x4224
    [int4-mq3d] num_seqs=4 max_seqlen_q=8 x74
    [int4-mq3d] num_seqs=4 max_seqlen_q=16 x64
    [int4-mq3d] num_seqs=1 max_seqlen_q=1 x48
    [int4-mq3d] num_seqs=3 max_seqlen_q=8 x42
    [int4-mq3d] num_seqs=2 max_seqlen_q=8 x42
    [int4-mq3d] num_seqs=1 max_seqlen_q=8 x42
    [int4-mq3d] num_seqs=4 max_seqlen_q=6 x32
    [int4-mq3d] num_seqs=4 max_seqlen_q=4 x32
    [int4-mq3d] num_seqs=4 max_seqlen_q=2 x32
    [int4-mq3d] num_seqs=4 max_seqlen_q=14 x32
    [int4-mq3d] num_seqs=4 max_seqlen_q=12 x32
    breach/degraded lines: 6888
[k15_3d] torn down 03:47:05Z
########## 03:47:05Z ARM k15_2d ##########
[k15_2d] SERVING at ~210s: GPU KV cache size: 43,866 tokens | scratch lines: 4 | int4 3D scratch: capacity=64 query tokens (min of max_num_batched_tokens=2048, min(max_num_seqs=4, seq_threshold_3D=32) * max_query_len_3d=16)
=== V4 int4-k15-2d (think=off) · 6/8 · wall 22.2s · NO-GO — D3-stale-caught, D4-shortcut-refused ===
=== V6.1 mission/controller int4-k15-2d (think=off) · 15/18 · wall 151.4s · NO-GO — P2-alarm-rule-looked-up, P5-through-the-fuel, P6-honest-report ===
=== V6.1 mission/controller int4-k15-2d (think=off) · 15/18 · wall 152.3s · NO-GO — P2-alarm-rule-looked-up, P5-through-the-fuel, P6-honest-report ===
[k15_2d] dispatch census (max_seqlen_q, use_3d):
    [int4-mq3d] num_seqs=1 max_seqlen_q=1840 x3936
    [int4-mq3d] num_seqs=4 max_seqlen_q=8 x74
    [int4-mq3d] num_seqs=4 max_seqlen_q=16 x64
    [int4-mq3d] num_seqs=1 max_seqlen_q=1 x48
    [int4-mq3d] num_seqs=3 max_seqlen_q=8 x42
    [int4-mq3d] num_seqs=2 max_seqlen_q=8 x42
    [int4-mq3d] num_seqs=1 max_seqlen_q=8 x42
    [int4-mq3d] num_seqs=4 max_seqlen_q=6 x32
    [int4-mq3d] num_seqs=4 max_seqlen_q=4 x32
    [int4-mq3d] num_seqs=4 max_seqlen_q=2 x32
    [int4-mq3d] num_seqs=4 max_seqlen_q=14 x32
    [int4-mq3d] num_seqs=4 max_seqlen_q=12 x32
    breach/degraded lines: 6568
[k15_2d] torn down 03:56:00Z
########## 03:56:00Z ARM k15_patchb ##########
[k15_patchb] SERVING at ~210s: GPU KV cache size: 43,338 tokens | scratch lines: 6 | int4 3D scratch: capacity=64 query tokens (min of max_num_batched_tokens=2048, min(max_num_seqs=4, seq_threshold_3D=32) * max_query_len_3d=16)
=== V4 int4-k15-3d-patchb (think=off) · 6/8 · wall 24.1s · NO-GO — D3-stale-caught, D4-shortcut-refused ===
=== V6.1 mission/controller int4-k15-3d-patchb (think=off) · 16/18 · wall 195.8s · NO-GO — L2-rule-applied, P2-alarm-rule-looked-up ===
[k15_patchb] dispatch census (max_seqlen_q, use_3d):
    [int4-mq3d] num_seqs=1 max_seqlen_q=1840 x2592
    [int4-mq3d] num_seqs=4 max_seqlen_q=8 x74
    [int4-mq3d] num_seqs=4 max_seqlen_q=16 x64
    [int4-mq3d] num_seqs=1 max_seqlen_q=1 x48
    [int4-mq3d] num_seqs=3 max_seqlen_q=8 x42
    [int4-mq3d] num_seqs=2 max_seqlen_q=8 x42
    [int4-mq3d] num_seqs=1 max_seqlen_q=8 x42
    [int4-mq3d] num_seqs=4 max_seqlen_q=6 x32
    [int4-mq3d] num_seqs=4 max_seqlen_q=4 x32
    [int4-mq3d] num_seqs=4 max_seqlen_q=2 x32
    [int4-mq3d] num_seqs=4 max_seqlen_q=14 x32
    [int4-mq3d] num_seqs=4 max_seqlen_q=12 x32
    breach/degraded lines: 4632
[k15_patchb] torn down 04:03:08Z
K15 ARMS DONE 04:03:08Z
